Vous avez utilise plusieurs fois l'option de compilation -t
