Le fichier pour creer le graphe doit etre un .dot
