Vous avez utilise plusieurs fois l'option de compilation -e
